
> react-kavia@0.1.0 start
> cross-env EDIT_MODE=true webpack serve --config .ve/webpack.config.js --mode development

<i> [webpack-dev-server] Project is running at:
<i> [webpack-dev-server] Loopback: http://localhost:3000/, http://[::1]:3000/
<i> [webpack-dev-server] On Your Network (IPv4): http://172.17.0.2:3000/
<i> [webpack-dev-server] Content not from webpack is served from './public' directory
Injecting EditorRootWrapper import: ../.ve/EditorRootWrapper
asset bundle.js 1.39 MiB [emitted] (name: main)
asset index.html 1.92 KiB [emitted]
runtime modules 27.5 KiB 14 modules
modules by path ./node_modules/ 1.24 MiB 31 modules
modules by path ./src/ 10.2 KiB
  modules by path ./src/*.css 7.49 KiB 4 modules
  modules by path ./src/*.js 2.75 KiB
    ./src/index.js 530 bytes [built] [code generated]
    ./src/App.js 2.24 KiB [built] [code generated]
modules by path ./.ve/ 15.1 KiB
  modules by path ./.ve/*.js 10.6 KiB 2 modules
  modules by path ./.ve/*.css 2.93 KiB
    ./.ve/EditorOverlay.css 2.25 KiB [built] [code generated]
    ./node_modules/css-loader/dist/cjs.js!./.ve/EditorOverlay.css 697 bytes [built] [code generated]
  ./.ve/EditorOverlay.jsx 1.58 KiB [built] [code generated]
webpack 5.99.9 compiled successfully in 1198 ms
assets by path *.js 41.1 KiB
  asset bundle.js 40.3 KiB [emitted] (name: main)
  asset main.f28d027ff662d7ccdc70.hot-update.js 854 bytes [emitted] [immutable] [hmr] (name: main)
asset index.html 10.3 KiB [emitted]
asset main.f28d027ff662d7ccdc70.hot-update.json 2.06 KiB [emitted] [immutable] [hmr]
Entrypoint main 41.1 KiB = bundle.js 40.3 KiB main.f28d027ff662d7ccdc70.hot-update.js 854 bytes
runtime modules 26.6 KiB 9 modules

ERROR in Module not found: SyntaxError: /home/kavia/workspace/code-generation/webtictactoe-110331-0d7cbd38/webtic_tac_toe/package.json (directory description file): SyntaxError: /home/kavia/workspace/code-generation/webtictactoe-110331-0d7cbd38/webtic_tac_toe/package.json (directory description file): SyntaxError: /home/kavia/workspace/code-generation/webtictactoe-110331-0d7cbd38/webtic_tac_toe/package.json (directory description file): SyntaxError: /home/kavia/workspace/code-generation/webtictactoe-110331-0d7cbd38/webtic_tac_toe/package.json (directory description file): SyntaxError: /home/kavia/workspace/code-generation/webtictactoe-110331-0d7cbd38/webtic_tac_toe/package.json (directory description file): SyntaxError: /home/kavia/workspace/code-generation/webtictactoe-110331-0d7cbd38/webtic_tac_toe/package.json (directory description file): SyntaxError: /home/kavia/workspace/code-generation/webtictactoe-110331-0d7cbd38/webtic_tac_toe/package.json (directory description file): SyntaxError: Unexpected token } in JSON at position 1064

ERROR in Module not found: SyntaxError: /home/kavia/workspace/code-generation/webtictactoe-110331-0d7cbd38/webtic_tac_toe/package.json (directory description file): SyntaxError: /home/kavia/workspace/code-generation/webtictactoe-110331-0d7cbd38/webtic_tac_toe/package.json (directory description file): SyntaxError: /home/kavia/workspace/code-generation/webtictactoe-110331-0d7cbd38/webtic_tac_toe/package.json (directory description file): SyntaxError: /home/kavia/workspace/code-generation/webtictactoe-110331-0d7cbd38/webtic_tac_toe/package.json (directory description file): SyntaxError: /home/kavia/workspace/code-generation/webtictactoe-110331-0d7cbd38/webtic_tac_toe/package.json (directory description file): SyntaxError: /home/kavia/workspace/code-generation/webtictactoe-110331-0d7cbd38/webtic_tac_toe/package.json (directory description file): SyntaxError: Unexpected token } in JSON at position 1064

ERROR in main
Module not found: SyntaxError: /home/kavia/workspace/code-generation/webtictactoe-110331-0d7cbd38/webtic_tac_toe/package.json (directory description file): SyntaxError: Unexpected token } in JSON at position 1064

ERROR in Error: Child compilation failed:
  Module not found: SyntaxError: /home/kavia/workspace/code-generation/webtictac  toe-110331-0d7cbd38/webtic_tac_toe/package.json (directory description file):   SyntaxError: /home/kavia/workspace/code-generation/webtictactoe-110331-0d7cbd3  8/webtic_tac_toe/package.json (directory description file): SyntaxError: /home  /kavia/workspace/code-generation/webtictactoe-110331-0d7cbd38/webtic_tac_toe/p  ackage.json (directory description file): SyntaxError: /home/kavia/workspace/c  ode-generation/webtictactoe-110331-0d7cbd38/webtic_tac_toe/package.json (direc  tory description file): SyntaxError: Unexpected token } in JSON at position 10  64
  ModuleNotFoundError: Module not found: SyntaxError: /home/kavia/workspace/code  -generation/webtictactoe-110331-0d7cbd38/webtic_tac_toe/package.json (director  y description file): SyntaxError: /home/kavia/workspace/code-generation/webtic  tactoe-110331-0d7cbd38/webtic_tac_toe/package.json (directory description file  ): SyntaxError: /home/kavia/workspace/code-generation/webtictactoe-110331-0d7c  bd38/webtic_tac_toe/package.json (directory description file): SyntaxError: /h  ome/kavia/workspace/code-generation/webtictactoe-110331-0d7cbd38/webtic_tac_to  e/package.json (directory description file): SyntaxError: Unexpected token } i  n JSON at position 1064
      at /home/kavia/workspace/code-generation/webtictactoe-110331-0d7cbd38/webt  ic_tac_toe/node_modules/webpack/lib/Compilation.js:2230:28
      at /home/kavia/workspace/code-generation/webtictactoe-110331-0d7cbd38/webt  ic_tac_toe/node_modules/webpack/lib/NormalModuleFactory.js:933:13
      at eval (eval at create (/home/kavia/workspace/code-generation/webtictacto  e-110331-0d7cbd38/webtic_tac_toe/node_modules/tapable/lib/HookCodeFactory.js:3  3:10), <anonymous>:10:1)
      at /home/kavia/workspace/code-generation/webtictactoe-110331-0d7cbd38/webt  ic_tac_toe/node_modules/webpack/lib/NormalModuleFactory.js:347:22
      at eval (eval at create (/home/kavia/workspace/code-generation/webtictacto  e-110331-0d7cbd38/webtic_tac_toe/node_modules/tapable/lib/HookCodeFactory.js:3  3:10), <anonymous>:9:1)
      at /home/kavia/workspace/code-generation/webtictactoe-110331-0d7cbd38/webt  ic_tac_toe/node_modules/webpack/lib/NormalModuleFactory.js:530:22
      at /home/kavia/workspace/code-generation/webtictactoe-110331-0d7cbd38/webt  ic_tac_toe/node_modules/webpack/lib/NormalModuleFactory.js:167:10
      at /home/kavia/workspace/code-generation/webtictactoe-110331-0d7cbd38/webt  ic_tac_toe/node_modules/webpack/lib/NormalModuleFactory.js:756:23
      at /home/kavia/workspace/code-generation/webtictactoe-110331-0d7cbd38/webt  ic_tac_toe/node_modules/neo-async/async.js:2830:7
      at done (/home/kavia/workspace/code-generation/webtictactoe-110331-0d7cbd3  8/webtic_tac_toe/node_modules/neo-async/async.js:2925:13)
      at /home/kavia/workspace/code-generation/webtictactoe-110331-0d7cbd38/webt  ic_tac_toe/node_modules/webpack/lib/NormalModuleFactory.js:1202:23
      at /home/kavia/workspace/code-generation/webtictactoe-110331-0d7cbd38/webt  ic_tac_toe/node_modules/enhanced-resolve/lib/Resolver.js:620:22
      at /home/kavia/workspace/code-generation/webtictactoe-110331-0d7cbd38/webt  ic_tac_toe/node_modules/enhanced-resolve/lib/Resolver.js:716:21
      at eval (eval at create (/home/kavia/workspace/code-generation/webtictacto  e-110331-0d7cbd38/webtic_tac_toe/node_modules/tapable/lib/HookCodeFactory.js:3  3:10), <anonymous>:24:1)
      at done (/home/kavia/workspace/code-generation/webtictactoe-110331-0d7cbd3  8/webtic_tac_toe/node_modules/webpack/lib/cache/ResolverCachePlugin.js:369:13)      at /home/kavia/workspace/code-generation/webtictactoe-110331-0d7cbd38/webt  ic_tac_toe/node_modules/webpack/lib/cache/ResolverCachePlugin.js:204:22
      at /home/kavia/workspace/code-generation/webtictactoe-110331-0d7cbd38/webt  ic_tac_toe/node_modules/enhanced-resolve/lib/Resolver.js:716:21
      at eval (eval at create (/home/kavia/workspace/code-generation/webtictacto  e-110331-0d7cbd38/webtic_tac_toe/node_modules/tapable/lib/HookCodeFactory.js:3  3:10), <anonymous>:10:1)
      at /home/kavia/workspace/code-generation/webtictactoe-110331-0d7cbd38/webt  ic_tac_toe/node_modules/enhanced-resolve/lib/Resolver.js:716:21
      at eval (eval at create (/home/kavia/workspace/code-generation/webtictacto  e-110331-0d7cbd38/webtic_tac_toe/node_modules/tapable/lib/HookCodeFactory.js:3  3:10), <anonymous>:24:1)
      at /home/kavia/workspace/code-generation/webtictactoe-110331-0d7cbd38/webt  ic_tac_toe/node_modules/enhanced-resolve/lib/DescriptionFilePlugin.js:58:24
      at /home/kavia/workspace/code-generation/webtictactoe-110331-0d7cbd38/webt  ic_tac_toe/node_modules/enhanced-resolve/lib/DescriptionFileUtils.js:146:21
      at /home/kavia/workspace/code-generation/webtictactoe-110331-0d7cbd38/webt  ic_tac_toe/node_modules/enhanced-resolve/lib/forEachBail.js:39:13
      at onJson (/home/kavia/workspace/code-generation/webtictactoe-110331-0d7cb  d38/webtic_tac_toe/node_modules/enhanced-resolve/lib/DescriptionFileUtils.js:1  31:14)
      at /home/kavia/workspace/code-generation/webtictactoe-110331-0d7cbd38/webt  ic_tac_toe/node_modules/enhanced-resolve/lib/DescriptionFileUtils.js:81:15
      at runCallbacks (/home/kavia/workspace/code-generation/webtictactoe-110331  -0d7cbd38/webtic_tac_toe/node_modules/enhanced-resolve/lib/CachedInputFileSyst  em.js:52:4)
      at /home/kavia/workspace/code-generation/webtictactoe-110331-0d7cbd38/webt  ic_tac_toe/node_modules/enhanced-resolve/lib/CachedInputFileSystem.js:279:5
      at Array.<anonymous> (/home/kavia/workspace/code-generation/webtictactoe-1  10331-0d7cbd38/webtic_tac_toe/node_modules/enhanced-resolve/lib/CachedInputFil  eSystem.js:596:17)
      at runCallbacks (/home/kavia/workspace/code-generation/webtictactoe-110331  -0d7cbd38/webtic_tac_toe/node_modules/enhanced-resolve/lib/CachedInputFileSyst  em.js:45:15)
      at /home/kavia/workspace/code-generation/webtictactoe-110331-0d7cbd38/webt  ic_tac_toe/node_modules/enhanced-resolve/lib/CachedInputFileSystem.js:279:5
      at /home/kavia/workspace/code-generation/webtictactoe-110331-0d7cbd38/webt  ic_tac_toe/node_modules/graceful-fs/graceful-fs.js:123:16
      at FSReqCallback.readFileAfterClose [as oncomplete] (node:internal/fs/read  _file_context:68:3)
  
  - Compilation.js:2230 
    [webtic_tac_toe]/[webpack]/lib/Compilation.js:2230:28
  
  - NormalModuleFactory.js:933 
    [webtic_tac_toe]/[webpack]/lib/NormalModuleFactory.js:933:13
  
  
  - NormalModuleFactory.js:347 
    [webtic_tac_toe]/[webpack]/lib/NormalModuleFactory.js:347:22
  
  
  - NormalModuleFactory.js:530 
    [webtic_tac_toe]/[webpack]/lib/NormalModuleFactory.js:530:22
  
  - NormalModuleFactory.js:167 
    [webtic_tac_toe]/[webpack]/lib/NormalModuleFactory.js:167:10
  
  - NormalModuleFactory.js:756 
    [webtic_tac_toe]/[webpack]/lib/NormalModuleFactory.js:756:23
  
  - async.js:2830 
    [webtic_tac_toe]/[neo-async]/async.js:2830:7
  
  - async.js:2925 done
    [webtic_tac_toe]/[neo-async]/async.js:2925:13
  
  - NormalModuleFactory.js:1202 
    [webtic_tac_toe]/[webpack]/lib/NormalModuleFactory.js:1202:23
  
  - Resolver.js:620 
    [webtic_tac_toe]/[enhanced-resolve]/lib/Resolver.js:620:22
  
  - Resolver.js:716 
    [webtic_tac_toe]/[enhanced-resolve]/lib/Resolver.js:716:21
  
  
  - ResolverCachePlugin.js:369 done
    [webtic_tac_toe]/[webpack]/lib/cache/ResolverCachePlugin.js:369:13
  
  - ResolverCachePlugin.js:204 
    [webtic_tac_toe]/[webpack]/lib/cache/ResolverCachePlugin.js:204:22
  
  - Resolver.js:716 
    [webtic_tac_toe]/[enhanced-resolve]/lib/Resolver.js:716:21
  
  
  - Resolver.js:716 
    [webtic_tac_toe]/[enhanced-resolve]/lib/Resolver.js:716:21
  
  
  - DescriptionFilePlugin.js:58 
    [webtic_tac_toe]/[enhanced-resolve]/lib/DescriptionFilePlugin.js:58:24
  
  - DescriptionFileUtils.js:146 
    [webtic_tac_toe]/[enhanced-resolve]/lib/DescriptionFileUtils.js:146:21
  
  - forEachBail.js:39 
    [webtic_tac_toe]/[enhanced-resolve]/lib/forEachBail.js:39:13
  
  - DescriptionFileUtils.js:131 onJson
    [webtic_tac_toe]/[enhanced-resolve]/lib/DescriptionFileUtils.js:131:14
  
  - DescriptionFileUtils.js:81 
    [webtic_tac_toe]/[enhanced-resolve]/lib/DescriptionFileUtils.js:81:15
  
  - CachedInputFileSystem.js:52 runCallbacks
    [webtic_tac_toe]/[enhanced-resolve]/lib/CachedInputFileSystem.js:52:4
  
  - CachedInputFileSystem.js:279 
    [webtic_tac_toe]/[enhanced-resolve]/lib/CachedInputFileSystem.js:279:5
  
  - CachedInputFileSystem.js:596 Array.<anonymous>
    [webtic_tac_toe]/[enhanced-resolve]/lib/CachedInputFileSystem.js:596:17
  
  - CachedInputFileSystem.js:45 runCallbacks
    [webtic_tac_toe]/[enhanced-resolve]/lib/CachedInputFileSystem.js:45:15
  
  - CachedInputFileSystem.js:279 
    [webtic_tac_toe]/[enhanced-resolve]/lib/CachedInputFileSystem.js:279:5
  
  - graceful-fs.js:123 
    [webtic_tac_toe]/[graceful-fs]/graceful-fs.js:123:16
  
  - read_file_context:68 FSReqCallback.readFileAfterClose [as oncomplete]
    node:internal/fs/read_file_context:68:3
  
  - child-compiler.js:211 
    [webtic_tac_toe]/[html-webpack-plugin]/lib/child-compiler.js:211:18
  
  - Compiler.js:625 finalCallback
    [webtic_tac_toe]/[webpack]/lib/Compiler.js:625:5
  
  - Compiler.js:661 
    [webtic_tac_toe]/[webpack]/lib/Compiler.js:661:11
  
  - Compiler.js:1347 
    [webtic_tac_toe]/[webpack]/lib/Compiler.js:1347:17
  
  
  - Hook.js:18 Hook.CALL_ASYNC_DELEGATE [as _callAsync]
    [webtic_tac_toe]/[tapable]/lib/Hook.js:18:14
  
  - Compiler.js:1343 
    [webtic_tac_toe]/[webpack]/lib/Compiler.js:1343:33
  
  - Compilation.js:3061 finalCallback
    [webtic_tac_toe]/[webpack]/lib/Compilation.js:3061:11
  
  - Compilation.js:3404 
    [webtic_tac_toe]/[webpack]/lib/Compilation.js:3404:11
  
  
  - Hook.js:18 Hook.CALL_ASYNC_DELEGATE [as _callAsync]
    [webtic_tac_toe]/[tapable]/lib/Hook.js:18:14
  
  - Compilation.js:3397 
    [webtic_tac_toe]/[webpack]/lib/Compilation.js:3397:38
  
  
  - Compilation.js:562 fn
    [webtic_tac_toe]/[webpack]/lib/Compilation.js:562:9
  
  
  - Hook.js:18 Hook.CALL_ASYNC_DELEGATE [as _callAsync]
    [webtic_tac_toe]/[tapable]/lib/Hook.js:18:14
  
  - Compilation.js:3361 cont
    [webtic_tac_toe]/[webpack]/lib/Compilation.js:3361:34
  
  - Compilation.js:3417 
    [webtic_tac_toe]/[webpack]/lib/Compilation.js:3417:10
  
  - async.js:3485 symbolIterator
    [webtic_tac_toe]/[neo-async]/async.js:3485:9

1 ERROR in child compilations (Use 'stats.children: true' resp. '--stats-children' for more details)
webpack 5.99.9 compiled with 5 errors in 274 ms
assets by status 40.3 KiB [cached] 1 asset
asset index.html 10.3 KiB [emitted]
cached modules 26.6 KiB [cached] 9 modules

ERROR in Module not found: SyntaxError: /home/kavia/workspace/code-generation/webtictactoe-110331-0d7cbd38/webtic_tac_toe/package.json (directory description file): SyntaxError: /home/kavia/workspace/code-generation/webtictactoe-110331-0d7cbd38/webtic_tac_toe/package.json (directory description file): SyntaxError: /home/kavia/workspace/code-generation/webtictactoe-110331-0d7cbd38/webtic_tac_toe/package.json (directory description file): SyntaxError: /home/kavia/workspace/code-generation/webtictactoe-110331-0d7cbd38/webtic_tac_toe/package.json (directory description file): SyntaxError: /home/kavia/workspace/code-generation/webtictactoe-110331-0d7cbd38/webtic_tac_toe/package.json (directory description file): SyntaxError: /home/kavia/workspace/code-generation/webtictactoe-110331-0d7cbd38/webtic_tac_toe/package.json (directory description file): SyntaxError: /home/kavia/workspace/code-generation/webtictactoe-110331-0d7cbd38/webtic_tac_toe/package.json (directory description file): SyntaxError: Unexpected token } in JSON at position 1064

ERROR in Module not found: SyntaxError: /home/kavia/workspace/code-generation/webtictactoe-110331-0d7cbd38/webtic_tac_toe/package.json (directory description file): SyntaxError: /home/kavia/workspace/code-generation/webtictactoe-110331-0d7cbd38/webtic_tac_toe/package.json (directory description file): SyntaxError: /home/kavia/workspace/code-generation/webtictactoe-110331-0d7cbd38/webtic_tac_toe/package.json (directory description file): SyntaxError: /home/kavia/workspace/code-generation/webtictactoe-110331-0d7cbd38/webtic_tac_toe/package.json (directory description file): SyntaxError: /home/kavia/workspace/code-generation/webtictactoe-110331-0d7cbd38/webtic_tac_toe/package.json (directory description file): SyntaxError: /home/kavia/workspace/code-generation/webtictactoe-110331-0d7cbd38/webtic_tac_toe/package.json (directory description file): SyntaxError: Unexpected token } in JSON at position 1064

ERROR in main
Module not found: SyntaxError: /home/kavia/workspace/code-generation/webtictactoe-110331-0d7cbd38/webtic_tac_toe/package.json (directory description file): SyntaxError: Unexpected token } in JSON at position 1064

ERROR in Error: Child compilation failed:
  Module not found: SyntaxError: /home/kavia/workspace/code-generation/webtictac  toe-110331-0d7cbd38/webtic_tac_toe/package.json (directory description file):   SyntaxError: /home/kavia/workspace/code-generation/webtictactoe-110331-0d7cbd3  8/webtic_tac_toe/package.json (directory description file): SyntaxError: /home  /kavia/workspace/code-generation/webtictactoe-110331-0d7cbd38/webtic_tac_toe/p  ackage.json (directory description file): SyntaxError: /home/kavia/workspace/c  ode-generation/webtictactoe-110331-0d7cbd38/webtic_tac_toe/package.json (direc  tory description file): SyntaxError: Unexpected token } in JSON at position 10  64
  ModuleNotFoundError: Module not found: SyntaxError: /home/kavia/workspace/code  -generation/webtictactoe-110331-0d7cbd38/webtic_tac_toe/package.json (director  y description file): SyntaxError: /home/kavia/workspace/code-generation/webtic  tactoe-110331-0d7cbd38/webtic_tac_toe/package.json (directory description file  ): SyntaxError: /home/kavia/workspace/code-generation/webtictactoe-110331-0d7c  bd38/webtic_tac_toe/package.json (directory description file): SyntaxError: /h  ome/kavia/workspace/code-generation/webtictactoe-110331-0d7cbd38/webtic_tac_to  e/package.json (directory description file): SyntaxError: Unexpected token } i  n JSON at position 1064
      at /home/kavia/workspace/code-generation/webtictactoe-110331-0d7cbd38/webt  ic_tac_toe/node_modules/webpack/lib/Compilation.js:2230:28
      at /home/kavia/workspace/code-generation/webtictactoe-110331-0d7cbd38/webt  ic_tac_toe/node_modules/webpack/lib/NormalModuleFactory.js:933:13
      at eval (eval at create (/home/kavia/workspace/code-generation/webtictacto  e-110331-0d7cbd38/webtic_tac_toe/node_modules/tapable/lib/HookCodeFactory.js:3  3:10), <anonymous>:10:1)
      at /home/kavia/workspace/code-generation/webtictactoe-110331-0d7cbd38/webt  ic_tac_toe/node_modules/webpack/lib/NormalModuleFactory.js:347:22
      at eval (eval at create (/home/kavia/workspace/code-generation/webtictacto  e-110331-0d7cbd38/webtic_tac_toe/node_modules/tapable/lib/HookCodeFactory.js:3  3:10), <anonymous>:9:1)
      at /home/kavia/workspace/code-generation/webtictactoe-110331-0d7cbd38/webt  ic_tac_toe/node_modules/webpack/lib/NormalModuleFactory.js:530:22
      at /home/kavia/workspace/code-generation/webtictactoe-110331-0d7cbd38/webt  ic_tac_toe/node_modules/webpack/lib/NormalModuleFactory.js:167:10
      at /home/kavia/workspace/code-generation/webtictactoe-110331-0d7cbd38/webt  ic_tac_toe/node_modules/webpack/lib/NormalModuleFactory.js:756:23
      at /home/kavia/workspace/code-generation/webtictactoe-110331-0d7cbd38/webt  ic_tac_toe/node_modules/neo-async/async.js:2830:7
      at done (/home/kavia/workspace/code-generation/webtictactoe-110331-0d7cbd3  8/webtic_tac_toe/node_modules/neo-async/async.js:2925:13)
      at /home/kavia/workspace/code-generation/webtictactoe-110331-0d7cbd38/webt  ic_tac_toe/node_modules/webpack/lib/NormalModuleFactory.js:1202:23
      at /home/kavia/workspace/code-generation/webtictactoe-110331-0d7cbd38/webt  ic_tac_toe/node_modules/enhanced-resolve/lib/Resolver.js:620:22
      at /home/kavia/workspace/code-generation/webtictactoe-110331-0d7cbd38/webt  ic_tac_toe/node_modules/enhanced-resolve/lib/Resolver.js:716:21
      at eval (eval at create (/home/kavia/workspace/code-generation/webtictacto  e-110331-0d7cbd38/webtic_tac_toe/node_modules/tapable/lib/HookCodeFactory.js:3  3:10), <anonymous>:24:1)
      at done (/home/kavia/workspace/code-generation/webtictactoe-110331-0d7cbd3  8/webtic_tac_toe/node_modules/webpack/lib/cache/ResolverCachePlugin.js:369:13)      at /home/kavia/workspace/code-generation/webtictactoe-110331-0d7cbd38/webt  ic_tac_toe/node_modules/webpack/lib/cache/ResolverCachePlugin.js:204:22
      at /home/kavia/workspace/code-generation/webtictactoe-110331-0d7cbd38/webt  ic_tac_toe/node_modules/enhanced-resolve/lib/Resolver.js:716:21
      at eval (eval at create (/home/kavia/workspace/code-generation/webtictacto  e-110331-0d7cbd38/webtic_tac_toe/node_modules/tapable/lib/HookCodeFactory.js:3  3:10), <anonymous>:10:1)
      at /home/kavia/workspace/code-generation/webtictactoe-110331-0d7cbd38/webt  ic_tac_toe/node_modules/enhanced-resolve/lib/Resolver.js:716:21
      at eval (eval at create (/home/kavia/workspace/code-generation/webtictacto  e-110331-0d7cbd38/webtic_tac_toe/node_modules/tapable/lib/HookCodeFactory.js:3  3:10), <anonymous>:24:1)
      at /home/kavia/workspace/code-generation/webtictactoe-110331-0d7cbd38/webt  ic_tac_toe/node_modules/enhanced-resolve/lib/DescriptionFilePlugin.js:58:24
      at /home/kavia/workspace/code-generation/webtictactoe-110331-0d7cbd38/webt  ic_tac_toe/node_modules/enhanced-resolve/lib/DescriptionFileUtils.js:146:21
      at /home/kavia/workspace/code-generation/webtictactoe-110331-0d7cbd38/webt  ic_tac_toe/node_modules/enhanced-resolve/lib/forEachBail.js:39:13
      at onJson (/home/kavia/workspace/code-generation/webtictactoe-110331-0d7cb  d38/webtic_tac_toe/node_modules/enhanced-resolve/lib/DescriptionFileUtils.js:1  31:14)
      at /home/kavia/workspace/code-generation/webtictactoe-110331-0d7cbd38/webt  ic_tac_toe/node_modules/enhanced-resolve/lib/DescriptionFileUtils.js:81:15
      at runCallbacks (/home/kavia/workspace/code-generation/webtictactoe-110331  -0d7cbd38/webtic_tac_toe/node_modules/enhanced-resolve/lib/CachedInputFileSyst  em.js:52:4)
      at /home/kavia/workspace/code-generation/webtictactoe-110331-0d7cbd38/webt  ic_tac_toe/node_modules/enhanced-resolve/lib/CachedInputFileSystem.js:279:5
      at Array.<anonymous> (/home/kavia/workspace/code-generation/webtictactoe-1  10331-0d7cbd38/webtic_tac_toe/node_modules/enhanced-resolve/lib/CachedInputFil  eSystem.js:596:17)
      at runCallbacks (/home/kavia/workspace/code-generation/webtictactoe-110331  -0d7cbd38/webtic_tac_toe/node_modules/enhanced-resolve/lib/CachedInputFileSyst  em.js:45:15)
      at /home/kavia/workspace/code-generation/webtictactoe-110331-0d7cbd38/webt  ic_tac_toe/node_modules/enhanced-resolve/lib/CachedInputFileSystem.js:279:5
      at /home/kavia/workspace/code-generation/webtictactoe-110331-0d7cbd38/webt  ic_tac_toe/node_modules/graceful-fs/graceful-fs.js:123:16
      at FSReqCallback.readFileAfterClose [as oncomplete] (node:internal/fs/read  _file_context:68:3)
  
  - Compilation.js:2230 
    [webtic_tac_toe]/[webpack]/lib/Compilation.js:2230:28
  
  - NormalModuleFactory.js:933 
    [webtic_tac_toe]/[webpack]/lib/NormalModuleFactory.js:933:13
  
  
  - NormalModuleFactory.js:347 
    [webtic_tac_toe]/[webpack]/lib/NormalModuleFactory.js:347:22
  
  
  - NormalModuleFactory.js:530 
    [webtic_tac_toe]/[webpack]/lib/NormalModuleFactory.js:530:22
  
  - NormalModuleFactory.js:167 
    [webtic_tac_toe]/[webpack]/lib/NormalModuleFactory.js:167:10
  
  - NormalModuleFactory.js:756 
    [webtic_tac_toe]/[webpack]/lib/NormalModuleFactory.js:756:23
  
  - async.js:2830 
    [webtic_tac_toe]/[neo-async]/async.js:2830:7
  
  - async.js:2925 done
    [webtic_tac_toe]/[neo-async]/async.js:2925:13
  
  - NormalModuleFactory.js:1202 
    [webtic_tac_toe]/[webpack]/lib/NormalModuleFactory.js:1202:23
  
  - Resolver.js:620 
    [webtic_tac_toe]/[enhanced-resolve]/lib/Resolver.js:620:22
  
  - Resolver.js:716 
    [webtic_tac_toe]/[enhanced-resolve]/lib/Resolver.js:716:21
  
  
  - ResolverCachePlugin.js:369 done
    [webtic_tac_toe]/[webpack]/lib/cache/ResolverCachePlugin.js:369:13
  
  - ResolverCachePlugin.js:204 
    [webtic_tac_toe]/[webpack]/lib/cache/ResolverCachePlugin.js:204:22
  
  - Resolver.js:716 
    [webtic_tac_toe]/[enhanced-resolve]/lib/Resolver.js:716:21
  
  
  - Resolver.js:716 
    [webtic_tac_toe]/[enhanced-resolve]/lib/Resolver.js:716:21
  
  
  - DescriptionFilePlugin.js:58 
    [webtic_tac_toe]/[enhanced-resolve]/lib/DescriptionFilePlugin.js:58:24
  
  - DescriptionFileUtils.js:146 
    [webtic_tac_toe]/[enhanced-resolve]/lib/DescriptionFileUtils.js:146:21
  
  - forEachBail.js:39 
    [webtic_tac_toe]/[enhanced-resolve]/lib/forEachBail.js:39:13
  
  - DescriptionFileUtils.js:131 onJson
    [webtic_tac_toe]/[enhanced-resolve]/lib/DescriptionFileUtils.js:131:14
  
  - DescriptionFileUtils.js:81 
    [webtic_tac_toe]/[enhanced-resolve]/lib/DescriptionFileUtils.js:81:15
  
  - CachedInputFileSystem.js:52 runCallbacks
    [webtic_tac_toe]/[enhanced-resolve]/lib/CachedInputFileSystem.js:52:4
  
  - CachedInputFileSystem.js:279 
    [webtic_tac_toe]/[enhanced-resolve]/lib/CachedInputFileSystem.js:279:5
  
  - CachedInputFileSystem.js:596 Array.<anonymous>
    [webtic_tac_toe]/[enhanced-resolve]/lib/CachedInputFileSystem.js:596:17
  
  - CachedInputFileSystem.js:45 runCallbacks
    [webtic_tac_toe]/[enhanced-resolve]/lib/CachedInputFileSystem.js:45:15
  
  - CachedInputFileSystem.js:279 
    [webtic_tac_toe]/[enhanced-resolve]/lib/CachedInputFileSystem.js:279:5
  
  - graceful-fs.js:123 
    [webtic_tac_toe]/[graceful-fs]/graceful-fs.js:123:16
  
  - read_file_context:68 FSReqCallback.readFileAfterClose [as oncomplete]
    node:internal/fs/read_file_context:68:3
  
  - child-compiler.js:211 
    [webtic_tac_toe]/[html-webpack-plugin]/lib/child-compiler.js:211:18
  
  - Compiler.js:625 finalCallback
    [webtic_tac_toe]/[webpack]/lib/Compiler.js:625:5
  
  - Compiler.js:661 
    [webtic_tac_toe]/[webpack]/lib/Compiler.js:661:11
  
  - Compiler.js:1347 
    [webtic_tac_toe]/[webpack]/lib/Compiler.js:1347:17
  
  
  - Hook.js:18 Hook.CALL_ASYNC_DELEGATE [as _callAsync]
    [webtic_tac_toe]/[tapable]/lib/Hook.js:18:14
  
  - Compiler.js:1343 
    [webtic_tac_toe]/[webpack]/lib/Compiler.js:1343:33
  
  - Compilation.js:3061 finalCallback
    [webtic_tac_toe]/[webpack]/lib/Compilation.js:3061:11
  
  - Compilation.js:3404 
    [webtic_tac_toe]/[webpack]/lib/Compilation.js:3404:11
  
  
  - Hook.js:18 Hook.CALL_ASYNC_DELEGATE [as _callAsync]
    [webtic_tac_toe]/[tapable]/lib/Hook.js:18:14
  
  - Compilation.js:3397 
    [webtic_tac_toe]/[webpack]/lib/Compilation.js:3397:38
  
  
  - Compilation.js:562 fn
    [webtic_tac_toe]/[webpack]/lib/Compilation.js:562:9
  
  
  - Hook.js:18 Hook.CALL_ASYNC_DELEGATE [as _callAsync]
    [webtic_tac_toe]/[tapable]/lib/Hook.js:18:14
  
  - Compilation.js:3361 cont
    [webtic_tac_toe]/[webpack]/lib/Compilation.js:3361:34
  
  - Compilation.js:3417 
    [webtic_tac_toe]/[webpack]/lib/Compilation.js:3417:10
  
  - async.js:3485 symbolIterator
    [webtic_tac_toe]/[neo-async]/async.js:3485:9

1 ERROR in child compilations (Use 'stats.children: true' resp. '--stats-children' for more details)
webpack 5.99.9 compiled with 5 errors in 127 ms
assets by path *.js 2.69 MiB
  asset bundle.js 1.36 MiB [emitted] (name: main)
  asset main.7848ec527bee277c3488.hot-update.js 1.33 MiB [emitted] [immutable] [hmr] (name: main)
asset index.html 1.92 KiB [emitted]
asset main.7848ec527bee277c3488.hot-update.json 28 bytes [emitted] [immutable] [hmr]
Entrypoint main 2.69 MiB = bundle.js 1.36 MiB main.7848ec527bee277c3488.hot-update.js 1.33 MiB
cached modules 1.25 MiB [cached] 35 modules
runtime modules 27.5 KiB 14 modules
javascript modules 1.92 KiB
  ./src/index.js 324 bytes [built] [code generated]
  ./src/App.js 1.6 KiB [built] [code generated]
webpack 5.99.9 compiled successfully in 96 ms
assets by status 1.36 MiB [cached] 1 asset
asset index.html 1.92 KiB [emitted]
cached modules 1.25 MiB (javascript) 27.5 KiB (runtime) [cached] 51 modules
webpack 5.99.9 compiled successfully in 36 ms
assets by status 1.36 MiB [cached] 1 asset
asset index.html 1.92 KiB [emitted]
cached modules 1.25 MiB (javascript) 27.5 KiB (runtime) [cached] 51 modules
webpack 5.99.9 compiled successfully in 43 ms
assets by status 1.36 MiB [cached] 1 asset
asset index.html 1.92 KiB [emitted]
cached modules 1.25 MiB (javascript) 27.5 KiB (runtime) [cached] 51 modules
webpack 5.99.9 compiled successfully in 43 ms
assets by path *.js 1.37 MiB
  asset bundle.js 1.36 MiB [emitted] (name: main)
  asset main.0be96e2beee7aa6ebf80.hot-update.js 854 bytes [emitted] [immutable] [hmr] (name: main)
asset index.html 548 bytes [emitted]
asset main.0be96e2beee7aa6ebf80.hot-update.json 28 bytes [emitted] [immutable] [hmr]
Entrypoint main 1.37 MiB = bundle.js 1.36 MiB main.0be96e2beee7aa6ebf80.hot-update.js 854 bytes
cached modules 1.25 MiB [cached] 37 modules
runtime modules 27.5 KiB 14 modules
webpack 5.99.9 compiled successfully in 64 ms
